/workspace/towen/src/motionpackage/install/motionpackage/lib/python3.10/site-packages/motionpackage/opencr_imu.py
/workspace/towen/src/motionpackage/install/motionpackage/lib/python3.10/site-packages/motionpackage/test.py
/workspace/towen/src/motionpackage/install/motionpackage/lib/python3.10/site-packages/motionpackage/__init__.py
/workspace/towen/src/motionpackage/install/motionpackage/lib/python3.10/site-packages/motionpackage/motion_0725.py
/workspace/towen/src/motionpackage/install/motionpackage/lib/python3.10/site-packages/motionpackage/import struct.py
/workspace/towen/src/motionpackage/install/motionpackage/lib/python3.10/site-packages/motionpackage/walking.py
/workspace/towen/src/motionpackage/install/motionpackage/lib/python3.10/site-packages/motionpackage/motionpackage.py
/workspace/towen/src/motionpackage/install/motionpackage/lib/python3.10/site-packages/motionpackage/__pycache__/opencr_imu.cpython-310.pyc
/workspace/towen/src/motionpackage/install/motionpackage/lib/python3.10/site-packages/motionpackage/__pycache__/test.cpython-310.pyc
/workspace/towen/src/motionpackage/install/motionpackage/lib/python3.10/site-packages/motionpackage/__pycache__/__init__.cpython-310.pyc
/workspace/towen/src/motionpackage/install/motionpackage/lib/python3.10/site-packages/motionpackage/__pycache__/motion_0725.cpython-310.pyc
/workspace/towen/src/motionpackage/install/motionpackage/lib/python3.10/site-packages/motionpackage/__pycache__/import struct.cpython-310.pyc
/workspace/towen/src/motionpackage/install/motionpackage/lib/python3.10/site-packages/motionpackage/__pycache__/walking.cpython-310.pyc
/workspace/towen/src/motionpackage/install/motionpackage/lib/python3.10/site-packages/motionpackage/__pycache__/motionpackage.cpython-310.pyc
/workspace/towen/src/motionpackage/install/motionpackage/share/ament_index/resource_index/packages/motionpackage
/workspace/towen/src/motionpackage/install/motionpackage/share/motionpackage/package.xml
/workspace/towen/src/motionpackage/install/motionpackage/lib/python3.10/site-packages/motionpackage-0.0.0-py3.10.egg-info/PKG-INFO
/workspace/towen/src/motionpackage/install/motionpackage/lib/python3.10/site-packages/motionpackage-0.0.0-py3.10.egg-info/entry_points.txt
/workspace/towen/src/motionpackage/install/motionpackage/lib/python3.10/site-packages/motionpackage-0.0.0-py3.10.egg-info/top_level.txt
/workspace/towen/src/motionpackage/install/motionpackage/lib/python3.10/site-packages/motionpackage-0.0.0-py3.10.egg-info/SOURCES.txt
/workspace/towen/src/motionpackage/install/motionpackage/lib/python3.10/site-packages/motionpackage-0.0.0-py3.10.egg-info/dependency_links.txt
/workspace/towen/src/motionpackage/install/motionpackage/lib/python3.10/site-packages/motionpackage-0.0.0-py3.10.egg-info/requires.txt
/workspace/towen/src/motionpackage/install/motionpackage/lib/python3.10/site-packages/motionpackage-0.0.0-py3.10.egg-info/zip-safe
/workspace/towen/src/motionpackage/install/motionpackage/lib/motionpackage/motionpackage
